I'm sorry, but errors were detected in your script. Please correct the
errors listed below, and try again.


File "game/nightmare_summon.rpy", line 37: expected ':' not found.
    label nm_work
                 ^

Ren'Py Version: Ren'Py 8.2.1.24030407
Sat Apr 13 19:51:55 2024
